Archive member included to satisfy reference by file (symbol)

c:/program files (x86)/atollic/truestudio for stm32 9.0.1/armtools/bin/../lib/gcc/arm-atollic-eabi/6.3.1/../../../../arm-atollic-eabi/lib/armv7e-m/fpu\libc_nano.a(lib_a-init.o)
                              Application\TrueSTUDIO\startup_stm32f303xe.o (__libc_init_array)
c:/program files (x86)/atollic/truestudio for stm32 9.0.1/armtools/bin/../lib/gcc/arm-atollic-eabi/6.3.1/../../../../arm-atollic-eabi/lib/armv7e-m/fpu\libc_nano.a(lib_a-memcpy-stub.o)
                              Middlewares\FreeRTOS\queue.o (memcpy)
c:/program files (x86)/atollic/truestudio for stm32 9.0.1/armtools/bin/../lib/gcc/arm-atollic-eabi/6.3.1/armv7e-m/fpu\libgcc.a(_lshrdi3.o)
                              Drivers\STM32F3xx_HAL_Driver\stm32f3xx_hal_flash.o (__aeabi_llsr)

Allocating common symbols
Common symbol       size              file

carTaskHandle       0x4               Application\User\main.o
defaultTaskHandle   0x4               Application\User\main.o
uwTick              0x4               Drivers\STM32F3xx_HAL_Driver\stm32f3xx_hal.o
xQueueRegistry      0x40              Middlewares\FreeRTOS\queue.o
pFlash              0x20              Drivers\STM32F3xx_HAL_Driver\stm32f3xx_hal_flash.o
huart2              0x70              Application\User\main.o

Discarded input sections

 .text          0x00000000        0x0 c:/program files (x86)/atollic/truestudio for stm32 9.0.1/armtools/bin/../lib/gcc/arm-atollic-eabi/6.3.1/armv7e-m/fpu/crti.o
 .data          0x00000000        0x0 c:/program files (x86)/atollic/truestudio for stm32 9.0.1/armtools/bin/../lib/gcc/arm-atollic-eabi/6.3.1/armv7e-m/fpu/crti.o
 .bss           0x00000000        0x0 c:/program files (x86)/atollic/truestudio for stm32 9.0.1/armtools/bin/../lib/gcc/arm-atollic-eabi/6.3.1/armv7e-m/fpu/crti.o
 .data          0x00000000        0x4 c:/program files (x86)/atollic/truestudio for stm32 9.0.1/armtools/bin/../lib/gcc/arm-atollic-eabi/6.3.1/armv7e-m/fpu/crtbegin.o
 .text          0x00000000       0x14 Application\TrueSTUDIO\startup_stm32f303xe.o
 .data          0x00000000        0x0 Application\TrueSTUDIO\startup_stm32f303xe.o
 .bss           0x00000000        0x0 Application\TrueSTUDIO\startup_stm32f303xe.o
 .text          0x00000000        0x0 Application\User\freertos.o
 .data          0x00000000        0x0 Application\User\freertos.o
 .bss           0x00000000        0x0 Application\User\freertos.o
 .debug_info    0x00000000       0x9a Application\User\freertos.o
 .debug_abbrev  0x00000000       0x44 Application\User\freertos.o
 .debug_aranges
                0x00000000       0x18 Application\User\freertos.o
 .debug_line    0x00000000      0x123 Application\User\freertos.o
 .debug_str     0x00000000      0x1dc Application\User\freertos.o
 .comment       0x00000000       0x7d Application\User\freertos.o
 .ARM.attributes
                0x00000000       0x39 Application\User\freertos.o
 .text          0x00000000        0x0 Application\User\main.o
 .data          0x00000000        0x0 Application\User\main.o
 .bss           0x00000000        0x0 Application\User\main.o
 .text._Error_Handler
                0x00000000        0x2 Application\User\main.o
 .text          0x00000000        0x0 Application\User\stm32f3xx_hal_msp.o
 .data          0x00000000        0x0 Application\User\stm32f3xx_hal_msp.o
 .bss           0x00000000        0x0 Application\User\stm32f3xx_hal_msp.o
 .text.HAL_UART_MspDeInit
                0x00000000       0x28 Application\User\stm32f3xx_hal_msp.o
 .text          0x00000000        0x0 Application\User\stm32f3xx_it.o
 .data          0x00000000        0x0 Application\User\stm32f3xx_it.o
 .bss           0x00000000        0x0 Application\User\stm32f3xx_it.o
 .text          0x00000000        0x0 Drivers\CMSIS\system_stm32f3xx.o
 .data          0x00000000        0x0 Drivers\CMSIS\system_stm32f3xx.o
 .bss           0x00000000        0x0 Drivers\CMSIS\system_stm32f3xx.o
 .text.SystemCoreClockUpdate
                0x00000000       0x54 Drivers\CMSIS\system_stm32f3xx.o
 .text          0x00000000        0x0 Drivers\STM32F3xx_HAL_Driver\stm32f3xx_hal.o
 .data          0x00000000        0x0 Drivers\STM32F3xx_HAL_Driver\stm32f3xx_hal.o
 .bss           0x00000000        0x0 Drivers\STM32F3xx_HAL_Driver\stm32f3xx_hal.o
 .text.HAL_MspInit
                0x00000000        0x2 Drivers\STM32F3xx_HAL_Driver\stm32f3xx_hal.o
 .text.HAL_MspDeInit
                0x00000000        0x2 Drivers\STM32F3xx_HAL_Driver\stm32f3xx_hal.o
 .text.HAL_DeInit
                0x00000000       0x24 Drivers\STM32F3xx_HAL_Driver\stm32f3xx_hal.o
 .text.HAL_GetTickPrio
                0x00000000        0xc Drivers\STM32F3xx_HAL_Driver\stm32f3xx_hal.o
 .text.HAL_SetTickFreq
                0x00000000       0x24 Drivers\STM32F3xx_HAL_Driver\stm32f3xx_hal.o
 .text.HAL_GetTickFreq
                0x00000000        0xc Drivers\STM32F3xx_HAL_Driver\stm32f3xx_hal.o
 .text.HAL_Delay
[...]
Memory Configuration

Name             Origin             Length             Attributes
RAM              0x20000000         0x00010000         xrw
CCMRAM           0x10000000         0x00004000         rw
FLASH            0x08000000         0x00080000         xr
*default*        0x00000000         0xffffffff

Linker script and memory map

LOAD c:/program files (x86)/atollic/truestudio for stm32 9.0.1/armtools/bin/../lib/gcc/arm-atollic-eabi/6.3.1/armv7e-m/fpu/crti.o
LOAD c:/program files (x86)/atollic/truestudio for stm32 9.0.1/armtools/bin/../lib/gcc/arm-atollic-eabi/6.3.1/armv7e-m/fpu/crtbegin.o
LOAD Application\TrueSTUDIO\startup_stm32f303xe.o
LOAD Application\User\freertos.o
LOAD Application\User\main.o
LOAD Application\User\stm32f3xx_hal_msp.o
LOAD Application\User\stm32f3xx_it.o
LOAD Drivers\CMSIS\system_stm32f3xx.o
LOAD Drivers\STM32F3xx_HAL_Driver\stm32f3xx_hal.o
LOAD Drivers\STM32F3xx_HAL_Driver\stm32f3xx_hal_cortex.o
LOAD Drivers\STM32F3xx_HAL_Driver\stm32f3xx_hal_dma.o
LOAD Drivers\STM32F3xx_HAL_Driver\stm32f3xx_hal_flash.o
LOAD Drivers\STM32F3xx_HAL_Driver\stm32f3xx_hal_flash_ex.o
LOAD Drivers\STM32F3xx_HAL_Driver\stm32f3xx_hal_gpio.o
LOAD Drivers\STM32F3xx_HAL_Driver\stm32f3xx_hal_i2c.o
LOAD Drivers\STM32F3xx_HAL_Driver\stm32f3xx_hal_i2c_ex.o
LOAD Drivers\STM32F3xx_HAL_Driver\stm32f3xx_hal_pwr.o
LOAD Drivers\STM32F3xx_HAL_Driver\stm32f3xx_hal_pwr_ex.o
LOAD Drivers\STM32F3xx_HAL_Driver\stm32f3xx_hal_rcc.o
LOAD Drivers\STM32F3xx_HAL_Driver\stm32f3xx_hal_rcc_ex.o
LOAD Drivers\STM32F3xx_HAL_Driver\stm32f3xx_hal_tim.o
LOAD Drivers\STM32F3xx_HAL_Driver\stm32f3xx_hal_tim_ex.o
LOAD Drivers\STM32F3xx_HAL_Driver\stm32f3xx_hal_uart.o
LOAD Drivers\STM32F3xx_HAL_Driver\stm32f3xx_hal_uart_ex.o
LOAD Middlewares\FreeRTOS\cmsis_os.o
LOAD Middlewares\FreeRTOS\croutine.o
LOAD Middlewares\FreeRTOS\event_groups.o
LOAD Middlewares\FreeRTOS\heap_4.o
LOAD Middlewares\FreeRTOS\list.o
LOAD Middlewares\FreeRTOS\port.o
LOAD Middlewares\FreeRTOS\queue.o
LOAD Middlewares\FreeRTOS\tasks.o
LOAD Middlewares\FreeRTOS\timers.o
                0x00000080                malloc_getpagesize_P = 0x80
START GROUP
LOAD c:/program files (x86)/atollic/truestudio for stm32 9.0.1/armtools/bin/../lib/gcc/arm-atollic-eabi/6.3.1/../../../../arm-atollic-eabi/lib/armv7e-m/fpu\libc_nano.a
LOAD c:/program files (x86)/atollic/truestudio for stm32 9.0.1/armtools/bin/../lib/gcc/arm-atollic-eabi/6.3.1/../../../../arm-atollic-eabi/lib/armv7e-m/fpu\libm.a
END GROUP
START GROUP
LOAD c:/program files (x86)/atollic/truestudio for stm32 9.0.1/armtools/bin/../lib/gcc/arm-atollic-eabi/6.3.1/armv7e-m/fpu\libgcc.a
LOAD c:/program files (x86)/atollic/truestudio for stm32 9.0.1/armtools/bin/../lib/gcc/arm-atollic-eabi/6.3.1/../../../../arm-atollic-eabi/lib/armv7e-m/fpu\libc_nano.a
END GROUP
START GROUP
LOAD c:/program files (x86)/atollic/truestudio for stm32 9.0.1/armtools/bin/../lib/gcc/arm-atollic-eabi/6.3.1/armv7e-m/fpu\libgcc.a
LOAD c:/program files (x86)/atollic/truestudio for stm32 9.0.1/armtools/bin/../lib/gcc/arm-atollic-eabi/6.3.1/../../../../arm-atollic-eabi/lib/armv7e-m/fpu\libc_nano.a
LOAD c:/program files (x86)/atollic/truestudio for stm32 9.0.1/armtools/bin/../lib/gcc/arm-atollic-eabi/6.3.1/../../../../arm-atollic-eabi/lib/armv7e-m/fpu\libnosys.a
END GROUP
START GROUP
LOAD c:/program files (x86)/atollic/truestudio for stm32 9.0.1/armtools/bin/../lib/gcc/arm-atollic-eabi/6.3.1/armv7e-m/fpu\libgcc.a
LOAD c:/program files (x86)/atollic/truestudio for stm32 9.0.1/armtools/bin/../lib/gcc/arm-atollic-eabi/6.3.1/../../../../arm-atollic-eabi/lib/armv7e-m/fpu\libc_nano.a
LOAD c:/program files (x86)/atollic/truestudio for stm32 9.0.1/armtools/bin/../lib/gcc/arm-atollic-eabi/6.3.1/../../../../arm-atollic-eabi/lib/armv7e-m/fpu\libnosys.a
END GROUP
LOAD c:/program files (x86)/atollic/truestudio for stm32 9.0.1/armtools/bin/../lib/gcc/arm-atollic-eabi/6.3.1/armv7e-m/fpu/crtend.o
LOAD c:/program files (x86)/atollic/truestudio for stm32 9.0.1/armtools/bin/../lib/gcc/arm-atollic-eabi/6.3.1/armv7e-m/fpu/crtn.o
                0x20010000                _estack = 0x20010000
                0x00000200                _Min_Heap_Size = 0x200
                0x00000400                _Min_Stack_Size = 0x400

.isr_vector     0x08000000      0x194
                0x08000000                . = ALIGN (0x4)
 *(.isr_vector)
 .isr_vector    0x08000000      0x194 Application\TrueSTUDIO\startup_stm32f303xe.o
                0x08000000                g_pfnVectors
                0x08000194                . = ALIGN (0x4)

.text           0x080001a0     0x2040
                0x080001a0                . = ALIGN (0x4)
 *(.text)
 .text          0x080001a0       0x40 c:/program files (x86)/atollic/truestudio for stm32 9.0.1/armtools/bin/../lib/gcc/arm-atollic-eabi/6.3.1/armv7e-m/fpu/crtbegin.o
 *(.text*)
 .text.Reset_Handler
                0x080001e0       0x50 Application\TrueSTUDIO\startup_stm32f303xe.o
                0x080001e0                Reset_Handler
 .text.Default_Handler
                0x08000230        0x2 Application\TrueSTUDIO\startup_stm32f303xe.o
                0x08000230                RTC_Alarm_IRQHandler
                0x08000230                TIM8_TRG_COM_IRQHandler
                0x08000230                TIM8_CC_IRQHandler
                0x08000230                DebugMon_Handler
                0x08000230                SPI4_IRQHandler
                0x08000230                TIM1_CC_IRQHandler
                0x08000230                HardFault_Handler
                0x08000230                USB_HP_IRQHandler
                0x08000230                PVD_IRQHandler
                0x08000230                TAMP_STAMP_IRQHandler
                0x08000230                NMI_Handler
                0x08000230                EXTI3_IRQHandler
                0x08000230                I2C3_ER_IRQHandler
                0x08000230                USB_HP_CAN_TX_IRQHandler
                0x08000230                EXTI0_IRQHandler
                0x08000230                I2C2_EV_IRQHandler
                0x08000230                FPU_IRQHandler
                0x08000230                TIM1_UP_TIM16_IRQHandler
                0x08000230                UsageFault_Handler
                0x08000230                ADC1_2_IRQHandler
                0x08000230                SPI1_IRQHandler
                0x08000230                CAN_SCE_IRQHandler
                0x08000230                TIM6_DAC_IRQHandler
                0x08000230                TIM8_UP_IRQHandler
                0x08000230                DMA2_Channel2_IRQHandler
                0x08000230                DMA1_Channel4_IRQHandler
                0x08000230                TIM20_TRG_COM_IRQHandler
                0x08000230                USART3_IRQHandler
                0x08000230                DMA1_Channel7_IRQHandler
                0x08000230                UART5_IRQHandler
                0x08000230                ADC3_IRQHandler
                0x08000230                TIM4_IRQHandler
                0x08000230                CAN_RX1_IRQHandler
                0x08000230                DMA2_Channel1_IRQHandler
                0x08000230                I2C1_EV_IRQHandler
                0x08000230                DMA1_Channel6_IRQHandler
                0x08000230                UART4_IRQHandler
                0x08000230                DMA2_Channel4_IRQHandler
                0x08000230                TIM3_IRQHandler
                0x08000230                RCC_IRQHandler
                0x08000230                TIM20_UP_IRQHandler
                0x08000230                DMA1_Channel1_IRQHandler
                0x08000230                Default_Handler
                0x08000230                USBWakeUp_RMP_IRQHandler
                0x08000230                EXTI15_10_IRQHandler
                0x08000230                TIM7_IRQHandler
                0x08000230                I2C3_EV_IRQHandler
                0x08000230                EXTI9_5_IRQHandler
                0x08000230                RTC_WKUP_IRQHandler
                0x08000230                SPI2_IRQHandler
                0x08000230                USB_LP_CAN_RX0_IRQHandler
                0x08000230                MemManage_Handler
                0x08000230                DMA2_Channel5_IRQHandler
                0x08000230                DMA1_Channel5_IRQHandler
                0x08000230                USB_LP_IRQHandler
                0x08000230                EXTI4_IRQHandler
                0x08000230                TIM1_TRG_COM_TIM17_IRQHandler
                0x08000230                DMA1_Channel3_IRQHandler
                0x08000230                ADC4_IRQHandler
                0x08000230                WWDG_IRQHandler
                0x08000230                TIM2_IRQHandler
                0x08000230                COMP7_IRQHandler
                0x08000230                COMP1_2_3_IRQHandler
                0x08000230                EXTI1_IRQHandler
                0x08000230                USART2_IRQHandler
                0x08000230                COMP4_5_6_IRQHandler
                0x08000230                TIM20_BRK_IRQHandler
                0x08000230                I2C2_ER_IRQHandler
                0x08000230                DMA1_Channel2_IRQHandler
                0x08000230                TIM8_BRK_IRQHandler
                0x08000230                FLASH_IRQHandler
                0x08000230                TIM20_CC_IRQHandler
                0x08000230                BusFault_Handler
                0x08000230                USART1_IRQHandler
                0x08000230                SPI3_IRQHandler
                0x08000230                I2C1_ER_IRQHandler
                0x08000230                FMC_IRQHandler
                0x08000230                USBWakeUp_IRQHandler
                0x08000230                DMA2_Channel3_IRQHandler
                0x08000230                EXTI2_TSC_IRQHandler
                0x08000230                TIM1_BRK_TIM15_IRQHandler
 .text.StartCarTask
                0x08000232       0x14 Application\User\main.o
                0x08000232                StartCarTask
 .text.StartDefaultTask
                0x08000246        0xa Application\User\main.o
                0x08000246                StartDefaultTask
 .text.SystemClock_Config
                0x08000250       0x7e Application\User\main.o
                0x08000250                SystemClock_Config
 *fill*         0x080002ce        0x2 
 .text.startup.main
                0x080002d0      0x10c Application\User\main.o
                0x080002d0                main
 .text.HAL_MspInit
                0x080003dc       0x8c Application\User\stm32f3xx_hal_msp.o
                0x080003dc                HAL_MspInit
 .text.HAL_UART_MspInit
                0x08000468       0x48 Application\User\stm32f3xx_hal_msp.o
                0x08000468                HAL_UART_MspInit
 .text.SysTick_Handler
                0x080004b0        0xe Application\User\stm32f3xx_it.o
                0x080004b0                SysTick_Handler
 *fill*         0x080004be        0x2 
 .text.SystemInit
                0x080004c0       0x68 Drivers\CMSIS\system_stm32f3xx.o
                0x080004c0                SystemInit
 .text.HAL_InitTick
                0x08000528       0x48 Drivers\STM32F3xx_HAL_Driver\stm32f3xx_hal.o
                0x08000528                HAL_InitTick
 .text.HAL_Init
                0x08000570       0x24 Drivers\STM32F3xx_HAL_Driver\stm32f3xx_hal.o
                0x08000570                HAL_Init
 .text.HAL_IncTick
                0x08000594       0x18 Drivers\STM32F3xx_HAL_Driver\stm32f3xx_hal.o
                0x08000594                HAL_IncTick
 .text.HAL_GetTick
                0x080005ac        0xc Drivers\STM32F3xx_HAL_Driver\stm32f3xx_hal.o
                0x080005ac                HAL_GetTick
 .text.HAL_NVIC_SetPriorityGrouping
                0x080005b8       0x24 Drivers\STM32F3xx_HAL_Driver\stm32f3xx_hal_cortex.o
                0x080005b8                HAL_NVIC_SetPriorityGrouping
 .text.HAL_NVIC_SetPriority
                0x080005dc       0x68 Drivers\STM32F3xx_HAL_Driver\stm32f3xx_hal_cortex.o
                0x080005dc                HAL_NVIC_SetPriority
 .text.HAL_SYSTICK_Config
                0x08000644       0x2c Drivers\STM32F3xx_HAL_Driver\stm32f3xx_hal_cortex.o
                0x08000644                HAL_SYSTICK_Config
 .text.HAL_SYSTICK_CLKSourceConfig
                0x08000670       0x18 Drivers\STM32F3xx_HAL_Driver\stm32f3xx_hal_cortex.o
                0x08000670                HAL_SYSTICK_CLKSourceConfig
 .text.HAL_GPIO_Init
                0x08000688      0x1a0 Drivers\STM32F3xx_HAL_Driver\stm32f3xx_hal_gpio.o
                0x08000688                HAL_GPIO_Init
 .text.HAL_GPIO_WritePin
                0x08000828        0xa Drivers\STM32F3xx_HAL_Driver\stm32f3xx_hal_gpio.o
                0x08000828                HAL_GPIO_WritePin
 .text.HAL_GPIO_TogglePin
                0x08000832        0x8 Drivers\STM32F3xx_HAL_Driver\stm32f3xx_hal_gpio.o
                0x08000832                HAL_GPIO_TogglePin
 *fill*         0x0800083a        0x2 
 .text.HAL_RCC_OscConfig
                0x0800083c      0x504 Drivers\STM32F3xx_HAL_Driver\stm32f3xx_hal_rcc.o
                0x0800083c                HAL_RCC_OscConfig
 .text.HAL_RCC_GetSysClockFreq
                0x08000d40       0x58 Drivers\STM32F3xx_HAL_Driver\stm32f3xx_hal_rcc.o
                0x08000d40                HAL_RCC_GetSysClockFreq
 .text.HAL_RCC_ClockConfig
                0x08000d98      0x154 Drivers\STM32F3xx_HAL_Driver\stm32f3xx_hal_rcc.o
                0x08000d98                HAL_RCC_ClockConfig
 .text.HAL_RCC_GetHCLKFreq
                0x08000eec        0xc Drivers\STM32F3xx_HAL_Driver\stm32f3xx_hal_rcc.o
                0x08000eec                HAL_RCC_GetHCLKFreq
 .text.HAL_RCC_GetPCLK1Freq
                0x08000ef8       0x30 Drivers\STM32F3xx_HAL_Driver\stm32f3xx_hal_rcc.o
                0x08000ef8                HAL_RCC_GetPCLK1Freq
 .text.HAL_RCC_GetPCLK2Freq
                0x08000f28       0x30 Drivers\STM32F3xx_HAL_Driver\stm32f3xx_hal_rcc.o
                0x08000f28                HAL_RCC_GetPCLK2Freq
 .text.HAL_RCCEx_PeriphCLKConfig
                0x08000f58      0x288 Drivers\STM32F3xx_HAL_Driver\stm32f3xx_hal_rcc_ex.o
                0x08000f58                HAL_RCCEx_PeriphCLKConfig
 .text.UART_SetConfig
                0x080011e0      0x210 Drivers\STM32F3xx_HAL_Driver\stm32f3xx_hal_uart.o
                0x080011e0                UART_SetConfig
 .text.UART_AdvFeatureConfig
                0x080013f0       0xa8 Drivers\STM32F3xx_HAL_Driver\stm32f3xx_hal_uart.o
                0x080013f0                UART_AdvFeatureConfig
 .text.UART_WaitOnFlagUntilTimeout
                0x08001498       0x62 Drivers\STM32F3xx_HAL_Driver\stm32f3xx_hal_uart.o
                0x08001498                UART_WaitOnFlagUntilTimeout
 .text.UART_CheckIdleState
                0x080014fa       0x64 Drivers\STM32F3xx_HAL_Driver\stm32f3xx_hal_uart.o
                0x080014fa                UART_CheckIdleState
 .text.HAL_UART_Init
                0x0800155e       0x64 Drivers\STM32F3xx_HAL_Driver\stm32f3xx_hal_uart.o
                0x0800155e                HAL_UART_Init
 .text.osKernelStart
                0x080015c2        0xa Middlewares\FreeRTOS\cmsis_os.o
                0x080015c2                osKernelStart
 .text.osThreadCreate
                0x080015cc       0x30 Middlewares\FreeRTOS\cmsis_os.o
                0x080015cc                osThreadCreate
 .text.osDelay  0x080015fc       0x10 Middlewares\FreeRTOS\cmsis_os.o
                0x080015fc                osDelay
 .text.osSystickHandler
                0x0800160c       0x14 Middlewares\FreeRTOS\cmsis_os.o
                0x0800160c                osSystickHandler
 .text.unlikely.prvInsertBlockIntoFreeList
                0x08001620       0x48 Middlewares\FreeRTOS\heap_4.o
 .text.pvPortMalloc
                0x08001668      0x11c Middlewares\FreeRTOS\heap_4.o
                0x08001668                pvPortMalloc
 .text.vPortFree
                0x08001784       0x70 Middlewares\FreeRTOS\heap_4.o
                0x08001784                vPortFree
 .text.vListInitialise
                0x080017f4       0x16 Middlewares\FreeRTOS\list.o
                0x080017f4                vListInitialise
 .text.vListInitialiseItem
                0x0800180a        0x6 Middlewares\FreeRTOS\list.o
                0x0800180a                vListInitialiseItem
 .text.vListInsertEnd
                0x08001810       0x18 Middlewares\FreeRTOS\list.o
                0x08001810                vListInsertEnd
 .text.vListInsert
                0x08001828       0x2e Middlewares\FreeRTOS\list.o
                0x08001828                vListInsert
 .text.uxListRemove
                0x08001856       0x20 Middlewares\FreeRTOS\list.o
                0x08001856                uxListRemove
 *fill*         0x08001876        0x2 
 .text.prvTaskExitError
                0x08001878       0x30 Middlewares\FreeRTOS\port.o
 .text.prvPortStartFirstTask
                0x080018a8       0x20 Middlewares\FreeRTOS\port.o
 .text.vPortEnableVFP
                0x080018c8       0x14 Middlewares\FreeRTOS\port.o
 .text.pxPortInitialiseStack
                0x080018dc       0x2c Middlewares\FreeRTOS\port.o
                0x080018dc                pxPortInitialiseStack
 *fill*         0x08001908        0x8 
 .text.SVC_Handler
                0x08001910       0x24 Middlewares\FreeRTOS\port.o
                0x08001910                SVC_Handler
 .text.vPortEnterCritical
                0x08001934       0x44 Middlewares\FreeRTOS\port.o
                0x08001934                vPortEnterCritical
 .text.vPortExitCritical
                0x08001978       0x28 Middlewares\FreeRTOS\port.o
                0x08001978                vPortExitCritical
 .text.PendSV_Handler
                0x080019a0       0x64 Middlewares\FreeRTOS\port.o
                0x080019a0                PendSV_Handler
 .text.xPortSysTickHandler
                0x08001a04       0x2c Middlewares\FreeRTOS\port.o
                0x08001a04                xPortSysTickHandler
 .text.vPortSetupTimerInterrupt
                0x08001a30       0x28 Middlewares\FreeRTOS\port.o
                0x08001a30                vPortSetupTimerInterrupt
 .text.xPortStartScheduler
                0x08001a58       0xec Middlewares\FreeRTOS\port.o
                0x08001a58                xPortStartScheduler
 .text.prvResetNextTaskUnblockTime
                0x08001b44       0x24 Middlewares\FreeRTOS\tasks.o
 .text.prvAddCurrentTaskToDelayedList
                0x08001b68       0x8c Middlewares\FreeRTOS\tasks.o
 .text.xTaskCreate
                0x08001bf4      0x1a0 Middlewares\FreeRTOS\tasks.o
                0x08001bf4                xTaskCreate
 .text.vTaskStartScheduler
                0x08001d94       0x78 Middlewares\FreeRTOS\tasks.o
                0x08001d94                vTaskStartScheduler
 .text.vTaskSuspendAll
                0x08001e0c       0x10 Middlewares\FreeRTOS\tasks.o
                0x08001e0c                vTaskSuspendAll
 .text.xTaskIncrementTick
                0x08001e1c      0x124 Middlewares\FreeRTOS\tasks.o
                0x08001e1c                xTaskIncrementTick
 .text.xTaskResumeAll
                0x08001f40       0xf0 Middlewares\FreeRTOS\tasks.o
                0x08001f40                xTaskResumeAll
 .text.vTaskDelay
                0x08002030       0x48 Middlewares\FreeRTOS\tasks.o
                0x08002030                vTaskDelay
 .text.prvIdleTask
                0x08002078       0x74 Middlewares\FreeRTOS\tasks.o
 .text.vTaskSwitchContext
                0x080020ec       0x74 Middlewares\FreeRTOS\tasks.o
                0x080020ec                vTaskSwitchContext
 .text.xTaskGetSchedulerState
                0x08002160       0x20 Middlewares\FreeRTOS\tasks.o
                0x08002160                xTaskGetSchedulerState
 .text.__libc_init_array
                0x08002180       0x48 c:/program files (x86)/atollic/truestudio for stm32 9.0.1/armtools/bin/../lib/gcc/arm-atollic-eabi/6.3.1/../../../../arm-atollic-eabi/lib/armv7e-m/fpu\libc_nano.a(lib_a-init.o)
                0x08002180                __libc_init_array
 *(.glue_7)
 .glue_7        0x080021c8        0x0 linker stubs
 *(.glue_7t)
 .glue_7t       0x080021c8        0x0 linker stubs
 *(.eh_frame)
 .eh_frame      0x080021c8        0x0 c:/program files (x86)/atollic/truestudio for stm32 9.0.1/armtools/bin/../lib/gcc/arm-atollic-eabi/6.3.1/armv7e-m/fpu/crtbegin.o
 *(.init)
 .init          0x080021c8        0x4 c:/program files (x86)/atollic/truestudio for stm32 9.0.1/armtools/bin/../lib/gcc/arm-atollic-eabi/6.3.1/armv7e-m/fpu/crti.o
                0x080021c8                _init
 .init          0x080021cc        0x8 c:/program files (x86)/atollic/truestudio for stm32 9.0.1/armtools/bin/../lib/gcc/arm-atollic-eabi/6.3.1/armv7e-m/fpu/crtn.o
 *(.fini)
 .fini          0x080021d4        0x4 c:/program files (x86)/atollic/truestudio for stm32 9.0.1/armtools/bin/../lib/gcc/arm-atollic-eabi/6.3.1/armv7e-m/fpu/crti.o
                0x080021d4                _fini
 .fini          0x080021d8        0x8 c:/program files (x86)/atollic/truestudio for stm32 9.0.1/armtools/bin/../lib/gcc/arm-atollic-eabi/6.3.1/armv7e-m/fpu/crtn.o
                0x080021e0                . = ALIGN (0x4)
                0x080021e0                _etext = .

.vfp11_veneer   0x080021e0        0x0
 .vfp11_veneer  0x080021e0        0x0 linker stubs

.v4_bx          0x080021e0        0x0
 .v4_bx         0x080021e0        0x0 linker stubs

.iplt           0x080021e0        0x0
 .iplt          0x080021e0        0x0 c:/program files (x86)/atollic/truestudio for stm32 9.0.1/armtools/bin/../lib/gcc/arm-atollic-eabi/6.3.1/armv7e-m/fpu/crtbegin.o

.rodata         0x080021e0       0x80
                0x080021e0                . = ALIGN (0x4)
 *(.rodata)
 .rodata        0x080021e0       0x28 Application\User\main.o
 *(.rodata*)
 .rodata.str1.1
                0x08002208       0x14 Application\User\main.o
 .rodata.AHBPrescTable
                0x0800221c       0x10 Drivers\CMSIS\system_stm32f3xx.o
                0x0800221c                AHBPrescTable
 .rodata.APBPrescTable
                0x0800222c        0x8 Drivers\CMSIS\system_stm32f3xx.o
                0x0800222c                APBPrescTable
 .rodata.aPLLMULFactorTable
                0x08002234       0x10 Drivers\STM32F3xx_HAL_Driver\stm32f3xx_hal_rcc.o
                0x08002234                aPLLMULFactorTable
 .rodata.aPredivFactorTable
                0x08002244       0x10 Drivers\STM32F3xx_HAL_Driver\stm32f3xx_hal_rcc.o
                0x08002244                aPredivFactorTable
 .rodata.CSWTCH.45
                0x08002254        0x4 Drivers\STM32F3xx_HAL_Driver\stm32f3xx_hal_uart.o
 .rodata.vTaskStartScheduler.str1.1
                0x08002258        0x5 Middlewares\FreeRTOS\tasks.o
                0x08002260                . = ALIGN (0x4)
 *fill*         0x0800225d        0x3 

.rel.dyn        0x08002260        0x0
 .rel.iplt      0x08002260        0x0 c:/program files (x86)/atollic/truestudio for stm32 9.0.1/armtools/bin/../lib/gcc/arm-atollic-eabi/6.3.1/armv7e-m/fpu/crtbegin.o

.ARM.extab
 *(.ARM.extab* .gnu.linkonce.armextab.*)

.ARM            0x08002260        0x0
                0x08002260                __exidx_start = .
 *(.ARM.exidx*)
                0x08002260                __exidx_end = .

.preinit_array  0x08002260        0x0
                0x08002260                PROVIDE (__preinit_array_start, .)
 *(.preinit_array*)
                0x08002260                PROVIDE (__preinit_array_end, .)

.init_array     0x08002260        0x4
                0x08002260                PROVIDE (__init_array_start, .)
 *(SORT(.init_array.*))
 *(.init_array*)
 .init_array    0x08002260        0x4 c:/program files (x86)/atollic/truestudio for stm32 9.0.1/armtools/bin/../lib/gcc/arm-atollic-eabi/6.3.1/armv7e-m/fpu/crtbegin.o
                0x08002264                PROVIDE (__init_array_end, .)

.fini_array     0x08002264        0x4
                [!provide]                PROVIDE (__fini_array_start, .)
 *(SORT(.fini_array.*))
 *(.fini_array*)
 .fini_array    0x08002264        0x4 c:/program files (x86)/atollic/truestudio for stm32 9.0.1/armtools/bin/../lib/gcc/arm-atollic-eabi/6.3.1/armv7e-m/fpu/crtbegin.o
                [!provide]                PROVIDE (__fini_array_end, .)
                0x08002268                _sidata = LOADADDR (.data)

.data           0x20000000       0x10 load address 0x08002268
                0x20000000                . = ALIGN (0x4)
                0x20000000                _sdata = .
 *(.data)
 *(.data*)
 .data.SystemCoreClock
                0x20000000        0x4 Drivers\CMSIS\system_stm32f3xx.o
                0x20000000                SystemCoreClock
 .data.uwTickFreq
                0x20000004        0x1 Drivers\STM32F3xx_HAL_Driver\stm32f3xx_hal.o
                0x20000004                uwTickFreq
 *fill*         0x20000005        0x3 
 .data.uwTickPrio
                0x20000008        0x4 Drivers\STM32F3xx_HAL_Driver\stm32f3xx_hal.o
                0x20000008                uwTickPrio
 .data.uxCriticalNesting
                0x2000000c        0x4 Middlewares\FreeRTOS\port.o
                0x20000010                . = ALIGN (0x4)
                0x20000010                _edata = .
                0x08002278                _siccmram = LOADADDR (.ccmram)

.igot.plt       0x20000010        0x0 load address 0x08002278
 .igot.plt      0x20000010        0x0 c:/program files (x86)/atollic/truestudio for stm32 9.0.1/armtools/bin/../lib/gcc/arm-atollic-eabi/6.3.1/armv7e-m/fpu/crtbegin.o

.ccmram         0x10000000        0x0 load address 0x08002278
                0x10000000                . = ALIGN (0x4)
                0x10000000                _sccmram = .
 *(.ccmram)
 *(.ccmram*)
                0x10000000                . = ALIGN (0x4)
                0x10000000                _eccmram = .
                0x10000000                . = ALIGN (0x4)

.bss            0x20000010      0xde4
                0x20000010                _sbss = .
                0x20000010                __bss_start__ = _sbss
 *(.bss)
 .bss           0x20000010       0x1c c:/program files (x86)/atollic/truestudio for stm32 9.0.1/armtools/bin/../lib/gcc/arm-atollic-eabi/6.3.1/armv7e-m/fpu/crtbegin.o
 *(.bss*)
 .bss.pxEnd     0x2000002c        0x4 Middlewares\FreeRTOS\heap_4.o
 .bss.ucHeap    0x20000030      0xc00 Middlewares\FreeRTOS\heap_4.o
 .bss.xBlockAllocatedBit
                0x20000c30        0x4 Middlewares\FreeRTOS\heap_4.o
 .bss.xFreeBytesRemaining
                0x20000c34        0x4 Middlewares\FreeRTOS\heap_4.o
 .bss.xMinimumEverFreeBytesRemaining
                0x20000c38        0x4 Middlewares\FreeRTOS\heap_4.o
 .bss.xStart    0x20000c3c        0x8 Middlewares\FreeRTOS\heap_4.o
 .bss.ucMaxSysCallPriority
                0x20000c44        0x1 Middlewares\FreeRTOS\port.o
 *fill*         0x20000c45        0x3 
 .bss.ulMaxPRIGROUPValue
                0x20000c48        0x4 Middlewares\FreeRTOS\port.o
 .bss.pxCurrentTCB
                0x20000c4c        0x4 Middlewares\FreeRTOS\tasks.o
                0x20000c4c                pxCurrentTCB
 .bss.pxDelayedTaskList
                0x20000c50        0x4 Middlewares\FreeRTOS\tasks.o
 .bss.pxOverflowDelayedTaskList
                0x20000c54        0x4 Middlewares\FreeRTOS\tasks.o
 .bss.pxReadyTasksLists
                0x20000c58       0x8c Middlewares\FreeRTOS\tasks.o
 .bss.uxCurrentNumberOfTasks
                0x20000ce4        0x4 Middlewares\FreeRTOS\tasks.o
 .bss.uxDeletedTasksWaitingCleanUp
                0x20000ce8        0x4 Middlewares\FreeRTOS\tasks.o
 .bss.uxPendedTicks
                0x20000cec        0x4 Middlewares\FreeRTOS\tasks.o
 .bss.uxSchedulerSuspended
                0x20000cf0        0x4 Middlewares\FreeRTOS\tasks.o
 .bss.uxTaskNumber
                0x20000cf4        0x4 Middlewares\FreeRTOS\tasks.o
 .bss.uxTopReadyPriority
                0x20000cf8        0x4 Middlewares\FreeRTOS\tasks.o
 .bss.xDelayedTaskList1
                0x20000cfc       0x14 Middlewares\FreeRTOS\tasks.o
 .bss.xDelayedTaskList2
                0x20000d10       0x14 Middlewares\FreeRTOS\tasks.o
 .bss.xIdleTaskHandle
                0x20000d24        0x4 Middlewares\FreeRTOS\tasks.o
 .bss.xNextTaskUnblockTime
                0x20000d28        0x4 Middlewares\FreeRTOS\tasks.o
 .bss.xNumOfOverflows
                0x20000d2c        0x4 Middlewares\FreeRTOS\tasks.o
 .bss.xPendingReadyList
                0x20000d30       0x14 Middlewares\FreeRTOS\tasks.o
 .bss.xSchedulerRunning
                0x20000d44        0x4 Middlewares\FreeRTOS\tasks.o
 .bss.xSuspendedTaskList
                0x20000d48       0x14 Middlewares\FreeRTOS\tasks.o
 .bss.xTasksWaitingTermination
                0x20000d5c       0x14 Middlewares\FreeRTOS\tasks.o
 .bss.xTickCount
                0x20000d70        0x4 Middlewares\FreeRTOS\tasks.o
 .bss.xYieldPending
                0x20000d74        0x4 Middlewares\FreeRTOS\tasks.o
 *(COMMON)
 COMMON         0x20000d78       0x78 Application\User\main.o
                0x20000d78                carTaskHandle
                0x20000d7c                defaultTaskHandle
                0x20000d80                huart2
 COMMON         0x20000df0        0x4 Drivers\STM32F3xx_HAL_Driver\stm32f3xx_hal.o
                0x20000df0                uwTick
                0x20000df4                . = ALIGN (0x4)
                0x20000df4                _ebss = .
                0x20000df4                __bss_end__ = _ebss

._user_heap_stack
                0x20000df4      0x600
                0x20000df4                . = ALIGN (0x4)
                [!provide]                PROVIDE (end, .)
                [!provide]                PROVIDE (_end, .)
                0x20000ff4                . = (. + _Min_Heap_Size)
 *fill*         0x20000df4      0x200 
                0x200013f4                . = (. + _Min_Stack_Size)
 *fill*         0x20000ff4      0x400 
                0x200013f4                . = ALIGN (0x4)

/DISCARD/
 libc.a(*)
 libm.a(*)
 libgcc.a(*)

.ARM.attributes
                0x00000000       0x30
 *(.ARM.attributes)
 .ARM.attributes
                0x00000000       0x22 c:/program files (x86)/atollic/truestudio for stm32 9.0.1/armtools/bin/../lib/gcc/arm-atollic-eabi/6.3.1/armv7e-m/fpu/crti.o
 .ARM.attributes
                0x00000022       0x34 c:/program files (x86)/atollic/truestudio for stm32 9.0.1/armtools/bin/../lib/gcc/arm-atollic-eabi/6.3.1/armv7e-m/fpu/crtbegin.o
 .ARM.attributes
                0x00000056       0x21 Application\TrueSTUDIO\startup_stm32f303xe.o
 .ARM.attributes
                0x00000077       0x39 Application\User\main.o
 .ARM.attributes
                0x000000b0       0x39 Application\User\stm32f3xx_hal_msp.o
 .ARM.attributes
                0x000000e9       0x39 Application\User\stm32f3xx_it.o
 .ARM.attributes
                0x00000122       0x39 Drivers\CMSIS\system_stm32f3xx.o
 .ARM.attributes
                0x0000015b       0x39 Drivers\STM32F3xx_HAL_Driver\stm32f3xx_hal.o
 .ARM.attributes
                0x00000194       0x39 Drivers\STM32F3xx_HAL_Driver\stm32f3xx_hal_cortex.o
 .ARM.attributes
                0x000001cd       0x39 Drivers\STM32F3xx_HAL_Driver\stm32f3xx_hal_gpio.o
 .ARM.attributes
                0x00000206       0x39 Drivers\STM32F3xx_HAL_Driver\stm32f3xx_hal_rcc.o
 .ARM.attributes
                0x0000023f       0x39 Drivers\STM32F3xx_HAL_Driver\stm32f3xx_hal_rcc_ex.o
 .ARM.attributes
                0x00000278       0x39 Drivers\STM32F3xx_HAL_Driver\stm32f3xx_hal_uart.o
 .ARM.attributes
                0x000002b1       0x39 Middlewares\FreeRTOS\cmsis_os.o
 .ARM.attributes
                0x000002ea       0x39 Middlewares\FreeRTOS\heap_4.o
 .ARM.attributes
                0x00000323       0x39 Middlewares\FreeRTOS\list.o
 .ARM.attributes
                0x0000035c       0x39 Middlewares\FreeRTOS\port.o
 .ARM.attributes
                0x00000395       0x39 Middlewares\FreeRTOS\tasks.o
 .ARM.attributes
                0x000003ce       0x34 c:/program files (x86)/atollic/truestudio for stm32 9.0.1/armtools/bin/../lib/gcc/arm-atollic-eabi/6.3.1/../../../../arm-atollic-eabi/lib/armv7e-m/fpu\libc_nano.a(lib_a-init.o)
 .ARM.attributes
                0x00000402       0x22 c:/program files (x86)/atollic/truestudio for stm32 9.0.1/armtools/bin/../lib/gcc/arm-atollic-eabi/6.3.1/armv7e-m/fpu/crtn.o
OUTPUT(F303RE-carBrain.elf elf32-littlearm)

.debug_line     0x00000000     0x5740
 .debug_line    0x00000000       0x7a Application\TrueSTUDIO\startup_stm32f303xe.o
 .debug_line    0x0000007a      0x464 Application\User\main.o
 .debug_line    0x000004de      0x34a Application\User\stm32f3xx_hal_msp.o
 .debug_line    0x00000828      0x2c7 Application\User\stm32f3xx_it.o
 .debug_line    0x00000aef      0x2c1 Drivers\CMSIS\system_stm32f3xx.o
 .debug_line    0x00000db0      0x495 Drivers\STM32F3xx_HAL_Driver\stm32f3xx_hal.o
 .debug_line    0x00001245      0x4f3 Drivers\STM32F3xx_HAL_Driver\stm32f3xx_hal_cortex.o
 .debug_line    0x00001738      0x49b Drivers\STM32F3xx_HAL_Driver\stm32f3xx_hal_gpio.o
 .debug_line    0x00001bd3      0x8b2 Drivers\STM32F3xx_HAL_Driver\stm32f3xx_hal_rcc.o
 .debug_line    0x00002485      0x5ae Drivers\STM32F3xx_HAL_Driver\stm32f3xx_hal_rcc_ex.o
 .debug_line    0x00002a33      0xd74 Drivers\STM32F3xx_HAL_Driver\stm32f3xx_hal_uart.o
 .debug_line    0x000037a7      0x8f2 Middlewares\FreeRTOS\cmsis_os.o
 .debug_line    0x00004099      0x42d Middlewares\FreeRTOS\heap_4.o
 .debug_line    0x000044c6      0x380 Middlewares\FreeRTOS\list.o
 .debug_line    0x00004846      0x35b Middlewares\FreeRTOS\port.o
 .debug_line    0x00004ba1      0xb9f Middlewares\FreeRTOS\tasks.o

.debug_info     0x00000000    0x1363e
 .debug_info    0x00000000       0x7b Application\TrueSTUDIO\startup_stm32f303xe.o
 .debug_info    0x0000007b     0x1a1b Application\User\main.o
 .debug_info    0x00001a96     0x1450 Application\User\stm32f3xx_hal_msp.o
 .debug_info    0x00002ee6      0x9c8 Application\User\stm32f3xx_it.o
 .debug_info    0x000038ae      0xc74 Drivers\CMSIS\system_stm32f3xx.o
 .debug_info    0x00004522     0x10e4 Drivers\STM32F3xx_HAL_Driver\stm32f3xx_hal.o
 .debug_info    0x00005606     0x1732 Drivers\STM32F3xx_HAL_Driver\stm32f3xx_hal_cortex.o
 .debug_info    0x00006d38      0xfec Drivers\STM32F3xx_HAL_Driver\stm32f3xx_hal_gpio.o
 .debug_info    0x00007d24     0x1bcd Drivers\STM32F3xx_HAL_Driver\stm32f3xx_hal_rcc.o
 .debug_info    0x000098f1      0xfa7 Drivers\STM32F3xx_HAL_Driver\stm32f3xx_hal_rcc_ex.o
 .debug_info    0x0000a898     0x2275 Drivers\STM32F3xx_HAL_Driver\stm32f3xx_hal_uart.o
 .debug_info    0x0000cb0d     0x2504 Middlewares\FreeRTOS\cmsis_os.o
 .debug_info    0x0000f011      0xca5 Middlewares\FreeRTOS\heap_4.o
 .debug_info    0x0000fcb6      0xac0 Middlewares\FreeRTOS\list.o
 .debug_info    0x00010776      0x531 Middlewares\FreeRTOS\port.o
 .debug_info    0x00010ca7     0x2997 Middlewares\FreeRTOS\tasks.o

.debug_abbrev   0x00000000     0x2b1c
 .debug_abbrev  0x00000000       0x12 Application\TrueSTUDIO\startup_stm32f303xe.o
 .debug_abbrev  0x00000012      0x30a Application\User\main.o
 .debug_abbrev  0x0000031c      0x212 Application\User\stm32f3xx_hal_msp.o
 .debug_abbrev  0x0000052e      0x1bc Application\User\stm32f3xx_it.o
 .debug_abbrev  0x000006ea      0x1e2 Drivers\CMSIS\system_stm32f3xx.o
 .debug_abbrev  0x000008cc      0x2f5 Drivers\STM32F3xx_HAL_Driver\stm32f3xx_hal.o
 .debug_abbrev  0x00000bc1      0x37d Drivers\STM32F3xx_HAL_Driver\stm32f3xx_hal_cortex.o
 .debug_abbrev  0x00000f3e      0x268 Drivers\STM32F3xx_HAL_Driver\stm32f3xx_hal_gpio.o
 .debug_abbrev  0x000011a6      0x358 Drivers\STM32F3xx_HAL_Driver\stm32f3xx_hal_rcc.o
 .debug_abbrev  0x000014fe      0x329 Drivers\STM32F3xx_HAL_Driver\stm32f3xx_hal_rcc_ex.o
 .debug_abbrev  0x00001827      0x384 Drivers\STM32F3xx_HAL_Driver\stm32f3xx_hal_uart.o
 .debug_abbrev  0x00001bab      0x450 Middlewares\FreeRTOS\cmsis_os.o
 .debug_abbrev  0x00001ffb      0x314 Middlewares\FreeRTOS\heap_4.o
 .debug_abbrev  0x0000230f      0x1e3 Middlewares\FreeRTOS\list.o
 .debug_abbrev  0x000024f2      0x211 Middlewares\FreeRTOS\port.o
 .debug_abbrev  0x00002703      0x419 Middlewares\FreeRTOS\tasks.o

.debug_aranges  0x00000000      0x920
 .debug_aranges
                0x00000000       0x28 Application\TrueSTUDIO\startup_stm32f303xe.o
 .debug_aranges
                0x00000028       0x40 Application\User\main.o
 .debug_aranges
                0x00000068       0x30 Application\User\stm32f3xx_hal_msp.o
 .debug_aranges
                0x00000098       0x20 Application\User\stm32f3xx_it.o
 .debug_aranges
                0x000000b8       0x28 Drivers\CMSIS\system_stm32f3xx.o
 .debug_aranges
                0x000000e0       0xd8 Drivers\STM32F3xx_HAL_Driver\stm32f3xx_hal.o
 .debug_aranges
                0x000001b8       0xa8 Drivers\STM32F3xx_HAL_Driver\stm32f3xx_hal_cortex.o
 .debug_aranges
                0x00000260       0x58 Drivers\STM32F3xx_HAL_Driver\stm32f3xx_hal_gpio.o
 .debug_aranges
                0x000002b8       0x88 Drivers\STM32F3xx_HAL_Driver\stm32f3xx_hal_rcc.o
 .debug_aranges
                0x00000340       0x38 Drivers\STM32F3xx_HAL_Driver\stm32f3xx_hal_rcc_ex.o
 .debug_aranges
                0x00000378      0x1a0 Drivers\STM32F3xx_HAL_Driver\stm32f3xx_hal_uart.o
 .debug_aranges
                0x00000518      0x190 Middlewares\FreeRTOS\cmsis_os.o
 .debug_aranges
                0x000006a8       0x48 Middlewares\FreeRTOS\heap_4.o
 .debug_aranges
                0x000006f0       0x40 Middlewares\FreeRTOS\list.o
 .debug_aranges
                0x00000730       0x80 Middlewares\FreeRTOS\port.o
 .debug_aranges
                0x000007b0      0x170 Middlewares\FreeRTOS\tasks.o

.debug_ranges   0x00000000      0xc58
 .debug_ranges  0x00000000       0x20 Application\TrueSTUDIO\startup_stm32f303xe.o
 .debug_ranges  0x00000020       0x50 Application\User\main.o
 .debug_ranges  0x00000070       0x68 Application\User\stm32f3xx_hal_msp.o
 .debug_ranges  0x000000d8       0x10 Application\User\stm32f3xx_it.o
 .debug_ranges  0x000000e8       0x18 Drivers\CMSIS\system_stm32f3xx.o
 .debug_ranges  0x00000100       0xc8 Drivers\STM32F3xx_HAL_Driver\stm32f3xx_hal.o
 .debug_ranges  0x000001c8      0x138 Drivers\STM32F3xx_HAL_Driver\stm32f3xx_hal_cortex.o
 .debug_ranges  0x00000300       0x68 Drivers\STM32F3xx_HAL_Driver\stm32f3xx_hal_gpio.o
 .debug_ranges  0x00000368      0x1f0 Drivers\STM32F3xx_HAL_Driver\stm32f3xx_hal_rcc.o
 .debug_ranges  0x00000558       0x90 Drivers\STM32F3xx_HAL_Driver\stm32f3xx_hal_rcc_ex.o
 .debug_ranges  0x000005e8      0x190 Drivers\STM32F3xx_HAL_Driver\stm32f3xx_hal_uart.o
 .debug_ranges  0x00000778      0x180 Middlewares\FreeRTOS\cmsis_os.o
 .debug_ranges  0x000008f8       0x38 Middlewares\FreeRTOS\heap_4.o
 .debug_ranges  0x00000930       0x30 Middlewares\FreeRTOS\list.o
 .debug_ranges  0x00000960       0x88 Middlewares\FreeRTOS\port.o
 .debug_ranges  0x000009e8      0x270 Middlewares\FreeRTOS\tasks.o

.debug_loc      0x00000000     0x57b0
 .debug_loc     0x00000000       0x42 Application\User\main.o
 .debug_loc     0x00000042       0x4d Application\User\stm32f3xx_hal_msp.o
 .debug_loc     0x0000008f       0xf5 Drivers\CMSIS\system_stm32f3xx.o
 .debug_loc     0x00000184      0x11b Drivers\STM32F3xx_HAL_Driver\stm32f3xx_hal.o
 .debug_loc     0x0000029f      0x4fb Drivers\STM32F3xx_HAL_Driver\stm32f3xx_hal_cortex.o
 .debug_loc     0x0000079a      0x2b7 Drivers\STM32F3xx_HAL_Driver\stm32f3xx_hal_gpio.o
 .debug_loc     0x00000a51      0x962 Drivers\STM32F3xx_HAL_Driver\stm32f3xx_hal_rcc.o
 .debug_loc     0x000013b3      0x858 Drivers\STM32F3xx_HAL_Driver\stm32f3xx_hal_rcc_ex.o
 .debug_loc     0x00001c0b     0x1431 Drivers\STM32F3xx_HAL_Driver\stm32f3xx_hal_uart.o
 .debug_loc     0x0000303c     0x1038 Middlewares\FreeRTOS\cmsis_os.o
 .debug_loc     0x00004074      0x390 Middlewares\FreeRTOS\heap_4.o
 .debug_loc     0x00004404       0x94 Middlewares\FreeRTOS\list.o
 .debug_loc     0x00004498       0xcf Middlewares\FreeRTOS\port.o
 .debug_loc     0x00004567     0x1249 Middlewares\FreeRTOS\tasks.o

.debug_str      0x00000000     0x3f8d
 .debug_str     0x00000000     0x15ab Application\User\main.o
                               0x1686 (size before relaxing)
 .debug_str     0x000015ab       0x84 Application\User\stm32f3xx_hal_msp.o
                               0x1120 (size before relaxing)
 .debug_str     0x0000162f       0x49 Application\User\stm32f3xx_it.o
                                0x6f7 (size before relaxing)
 .debug_str     0x00001678       0xbe Drivers\CMSIS\system_stm32f3xx.o
                                0x7bf (size before relaxing)
 .debug_str     0x00001736      0x264 Drivers\STM32F3xx_HAL_Driver\stm32f3xx_hal.o
                                0xea5 (size before relaxing)
 .debug_str     0x0000199a      0x362 Drivers\STM32F3xx_HAL_Driver\stm32f3xx_hal_cortex.o
                               0x10c3 (size before relaxing)
 .debug_str     0x00001cfc      0x17b Drivers\STM32F3xx_HAL_Driver\stm32f3xx_hal_gpio.o
                                0x9db (size before relaxing)
 .debug_str     0x00001e77      0x1d1 Drivers\STM32F3xx_HAL_Driver\stm32f3xx_hal_rcc.o
                                0xb3a (size before relaxing)
 .debug_str     0x00002048       0xc4 Drivers\STM32F3xx_HAL_Driver\stm32f3xx_hal_rcc_ex.o
                                0xace (size before relaxing)
 .debug_str     0x0000210c      0x6cd Drivers\STM32F3xx_HAL_Driver\stm32f3xx_hal_uart.o
                               0x1357 (size before relaxing)
 .debug_str     0x000027d9      0xa19 Middlewares\FreeRTOS\cmsis_os.o
                               0x1214 (size before relaxing)
 .debug_str     0x000031f2      0x215 Middlewares\FreeRTOS\heap_4.o
                                0x84a (size before relaxing)
 .debug_str     0x00003407      0x14a Middlewares\FreeRTOS\list.o
                                0x761 (size before relaxing)
 .debug_str     0x00003551      0x212 Middlewares\FreeRTOS\port.o
                                0x490 (size before relaxing)
 .debug_str     0x00003763      0x82a Middlewares\FreeRTOS\tasks.o
                               0x125c (size before relaxing)

.comment        0x00000000       0x7c
 .comment       0x00000000       0x7c Application\User\main.o
                                 0x7d (size before relaxing)
 .comment       0x0000007c       0x7d Application\User\stm32f3xx_hal_msp.o
 .comment       0x0000007c       0x7d Application\User\stm32f3xx_it.o
 .comment       0x0000007c       0x7d Drivers\CMSIS\system_stm32f3xx.o
 .comment       0x0000007c       0x7d Drivers\STM32F3xx_HAL_Driver\stm32f3xx_hal.o
 .comment       0x0000007c       0x7d Drivers\STM32F3xx_HAL_Driver\stm32f3xx_hal_cortex.o
 .comment       0x0000007c       0x7d Drivers\STM32F3xx_HAL_Driver\stm32f3xx_hal_gpio.o
 .comment       0x0000007c       0x7d Drivers\STM32F3xx_HAL_Driver\stm32f3xx_hal_rcc.o
 .comment       0x0000007c       0x7d Drivers\STM32F3xx_HAL_Driver\stm32f3xx_hal_rcc_ex.o
 .comment       0x0000007c       0x7d Drivers\STM32F3xx_HAL_Driver\stm32f3xx_hal_uart.o
 .comment       0x0000007c       0x7d Middlewares\FreeRTOS\cmsis_os.o
 .comment       0x0000007c       0x7d Middlewares\FreeRTOS\heap_4.o
 .comment       0x0000007c       0x7d Middlewares\FreeRTOS\list.o
 .comment       0x0000007c       0x7d Middlewares\FreeRTOS\port.o
 .comment       0x0000007c       0x7d Middlewares\FreeRTOS\tasks.o

.debug_frame    0x00000000     0x1844
 .debug_frame   0x00000000       0x88 Application\User\main.o
 .debug_frame   0x00000088       0x54 Application\User\stm32f3xx_hal_msp.o
 .debug_frame   0x000000dc       0x2c Application\User\stm32f3xx_it.o
 .debug_frame   0x00000108       0x38 Drivers\CMSIS\system_stm32f3xx.o
 .debug_frame   0x00000140      0x1d0 Drivers\STM32F3xx_HAL_Driver\stm32f3xx_hal.o
 .debug_frame   0x00000310      0x158 Drivers\STM32F3xx_HAL_Driver\stm32f3xx_hal_cortex.o
 .debug_frame   0x00000468       0xd8 Drivers\STM32F3xx_HAL_Driver\stm32f3xx_hal_gpio.o
 .debug_frame   0x00000540      0x144 Drivers\STM32F3xx_HAL_Driver\stm32f3xx_hal_rcc.o
 .debug_frame   0x00000684       0xb8 Drivers\STM32F3xx_HAL_Driver\stm32f3xx_hal_rcc_ex.o
 .debug_frame   0x0000073c      0x568 Drivers\STM32F3xx_HAL_Driver\stm32f3xx_hal_uart.o
 .debug_frame   0x00000ca4      0x4d4 Middlewares\FreeRTOS\cmsis_os.o
 .debug_frame   0x00001178       0x98 Middlewares\FreeRTOS\heap_4.o
 .debug_frame   0x00001210       0x6c Middlewares\FreeRTOS\list.o
 .debug_frame   0x0000127c       0xf0 Middlewares\FreeRTOS\port.o
 .debug_frame   0x0000136c      0x4ac Middlewares\FreeRTOS\tasks.o
 .debug_frame   0x00001818       0x2c c:/program files (x86)/atollic/truestudio for stm32 9.0.1/armtools/bin/../lib/gcc/arm-atollic-eabi/6.3.1/../../../../arm-atollic-eabi/lib/armv7e-m/fpu\libc_nano.a(lib_a-init.o)
